// Jest Snapshot v1, https://goo.gl/fbAQLP

exports[`Order export strategy should process the batch job and generate the appropriate output 1`] = `
Array [
  "Order_ID;Display_ID;Order status;Date;Customer First name;Customer Last name;Customer Email;Customer ID;Shipping Address 1;Shipping Address 2;Shipping Country Code;Shipping City;Shipping Postal Code;Shipping Region ID;Fulfillment Status;Payment Status;Subtotal;Shipping Total;Discount Total;Gift Card Total;Refunded Total;Tax Total;Total;Currency Code
",
  "order_1;123;pending;Tue, 01 Jan 2019 00:00:00 GMT;John;Doe;John@Doe.com;customer_1;123 Main St;;US;New York;10001;region_1;partially_fulfilled;captured;10;10;0;0;0;5;25;usd
",
  "order_2;124;completed;Tue, 01 Jan 2019 00:00:00 GMT;Jane;Doe;Jane@Doe.com;customer_2;Hovedgaden 1;;DK;Copenhagen;1150;region_2;fulfilled;captured;125;10;0;0;0;0;135;eur
",
]
`;

exports[`Order export strategy with sales channel should process the batch job and generate the appropriate output 1`] = `
Array [
  "Order_ID;Display_ID;Order status;Date;Customer First name;Customer Last name;Customer Email;Customer ID;Shipping Address 1;Shipping Address 2;Shipping Country Code;Shipping City;Shipping Postal Code;Shipping Region ID;Fulfillment Status;Payment Status;Subtotal;Shipping Total;Discount Total;Gift Card Total;Refunded Total;Tax Total;Total;Currency Code;Sales channel name;Sales channel description
",
  "order_1;123;pending;Tue, 01 Jan 2019 00:00:00 GMT;John;Doe;John@Doe.com;customer_1;123 Main St;;US;New York;10001;region_1;partially_fulfilled;captured;10;10;0;0;0;5;25;usd;SC 1;SC 1
",
  "order_2;124;completed;Tue, 01 Jan 2019 00:00:00 GMT;Jane;Doe;Jane@Doe.com;customer_2;Hovedgaden 1;;DK;Copenhagen;1150;region_2;fulfilled;captured;125;10;0;0;0;0;135;eur;SC 2;SC 2
",
]
`;
